Using launch settings from C:\Personal\Nexus.Web\src\Nexus.Products.Chat.Api\Properties\launchSettings.json...
info: Microsoft.Hosting.Lifetime[14]
      Now listening on: http://localhost:5299
info: Microsoft.Hosting.Lifetime[0]
      Application started. Press Ctrl+C to shut down.
info: Microsoft.Hosting.Lifetime[0]
      Hosting environment: Development
info: Microsoft.Hosting.Lifetime[0]
      Content root path: C:\Personal\Nexus.Web\src\Nexus.Products.Chat.Api
warn: Microsoft.AspNetCore.HttpsPolicy.HttpsRedirectionMiddleware[3]
      Failed to determine the https port for redirect.
info: Microsoft.EntityFrameworkCore.Database.Command[20101]
      Executed DbCommand (82ms) [Parameters=[@p0='?' (DbType = Guid), @p1='?' (DbType = DateTimeOffset), @p2='?' (Size = 4000), @p3='?' (Size = 100), @p4='?' (Size = 100), @p5='?' (DbType = Int32)], CommandType='Text', CommandTimeout='30']
      SET IMPLICIT_TRANSACTIONS OFF;
      SET NOCOUNT ON;
      INSERT INTO [org].[Workspace] ([Id], [CreatedAt], [Description], [Name], [Owner], [Status])
      OUTPUT INSERTED.[Ref], INSERTED.[Seq]
      VALUES (@p0, @p1, @p2, @p3, @p4, @p5);
info: Microsoft.EntityFrameworkCore.Database.Command[20101]
      Executed DbCommand (24ms) [Parameters=[@p0='?' (DbType = Guid), @p1='?' (DbType = DateTimeOffset), @p2='?' (Size = 4000), @p3='?' (Size = 100), @p4='?' (Size = 100), @p5='?' (DbType = Int32)], CommandType='Text', CommandTimeout='30']
      SET IMPLICIT_TRANSACTIONS OFF;
      SET NOCOUNT ON;
      INSERT INTO [org].[Workspace] ([Id], [CreatedAt], [Description], [Name], [Owner], [Status])
      OUTPUT INSERTED.[Ref], INSERTED.[Seq]
      VALUES (@p0, @p1, @p2, @p3, @p4, @p5);
info: Microsoft.EntityFrameworkCore.Database.Command[20101]
      Executed DbCommand (3ms) [Parameters=[], CommandType='Text', CommandTimeout='30']
      SELECT [w].[Id], [w].[CreatedAt], [w].[Description], [w].[Name], [w].[Owner], [w].[Ref], [w].[Seq], [w].[Status]
      FROM [org].[Workspace] AS [w]
      ORDER BY [w].[CreatedAt]
